stage A: 17 forms, 16 lists, 10 roles, 102 permissions
07:11:06   incremental: 14 flow(s) in checkpoint — unchanged ones will be skipped (KF_FORCE_REPUBLISH=1 to force)
07:11:06   reuse app CAFM_POC_A00
07:11:06   role Executive → reused
07:11:06   role FM Manager → reused
07:11:06   role Helpdesk → reused
07:11:06   role DLP Manager → reused
07:11:06   role Subcontractor Supervisor → reused
07:11:06   role Technician → reused
07:11:06   role Resident → reused
07:11:06   role Compliance Officer → reused
07:11:06   role HSE Officer → reused
07:11:06   role Plant Manager → reused
07:11:09   roles: developer UsATUIj4RC2p added to 10/10 role(s)
07:11:09   reuse: 40 flow ids from map (skip create for those; new/recreated artifacts in this IR still get created)
07:11:09   shell form CAFM_zz_Formula_Sandbox_2_A00 → CAFM_zz_Formula_Sandbox_2_A00
07:11:09   list-items CAFM_Channel_A00 → 200 (9)
07:11:09   list-items CAFM_Priority_A00 → 200 (4)
07:11:09   list-items CAFM_Site_Kind_A00 → 200 (4)
07:11:09   list-items CAFM_Asset_Status_A00 → 200 (3)
07:11:09   list-items CAFM_Trade_A00 → 200 (7)
07:11:09   list-items CAFM_Liability_A00 → 200 (6)
07:11:09   list-items CAFM_Photo_Kind_A00 → 200 (3)
07:11:09   list-items CAFM_Compliance_System_A00 → 200 (10)
07:11:09   list-items CAFM_Hassantuk_Status_A00 → 200 (3)
07:11:09   list-items CAFM_PPM_Frequency_A00 → 200 (4)
07:11:09   list-items CAFM_Equipment_Status_A00 → 200 (4)
07:11:09   list-items CAFM_Permit_Type_A00 → 200 (4)
07:11:09   list-items CAFM_Subcontractor_Response_A00 → 200 (2)
07:11:09   list-items CAFM_Equipment_Type_A00 → 200 (10)
07:11:09   list-items CAFM_Language_A00 → 200 (2)
07:11:10   list-items CAFM_Event_Type_A00 → 200 (14)
07:11:10   body CAFM_Site_A00 → skip (unchanged, already published)
07:11:10   body CAFM_Subcontractor_A00 → skip (unchanged, already published)
07:11:10   body CAFM_Unit_A00 → skip (unchanged, already published)
07:11:10   body CAFM_Asset_Class_A00 → skip (unchanged, already published)
07:11:10   body CAFM_Request_Category_A00 → skip (unchanged, already published)
07:11:10   body CAFM_Root_Cause_A00 → skip (unchanged, already published)
07:11:10   body CAFM_SLA_Policy_A00 → skip (unchanged, already published)
07:11:10   body CAFM_Asset_A00 → skip (unchanged, already published)
07:11:10   body CAFM_PPM_Schedule_A00 → skip (unchanged, already published)
07:11:10   body CAFM_Compliance_Certificate_A00 → skip (unchanged, already published)
07:11:10   body CAFM_Equipment_A00 → skip (unchanged, already published)
07:11:10   body CAFM_WO_Event_A00 → skip (unchanged, already published)
07:11:10   body CAFM_WO_Register_A00 → skip (unchanged, already published)
07:11:11   body CAFM_zz_Formula_Sandbox_2_A00 → draft 200, publish 200
07:11:11   access Subcontractor Supervisor → CAFM Site (form) 200
07:11:12   access Compliance Officer → CAFM Site (form) 200
07:11:12   access HSE Officer → CAFM Site (form) 200
07:11:12   access Plant Manager → CAFM Site (form) 200
07:11:12   access Executive → CAFM Unit (form) 200
07:11:13   access Executive → CAFM Site (form) 423
07:11:13   access Helpdesk → CAFM Unit (form) 200
07:11:13   access Helpdesk → CAFM Site (form) 200
07:11:13   access Resident → CAFM Site (form) 423
07:11:13   access Subcontractor Supervisor → CAFM Unit (form) 200
07:11:13   access Technician → CAFM Site (form) 200
07:11:13   access Technician → CAFM Unit (form) 200
07:11:13   access HSE Officer → CAFM Unit (form) 200
07:11:13   access Executive → CAFM Asset Class (form) 200
07:11:13   access Helpdesk → CAFM Asset Class (form) 200
07:11:14   access Subcontractor Supervisor → CAFM Asset Class (form) 200
07:11:14   access Technician → CAFM Asset Class (form) 200
07:11:14   access Resident → CAFM Asset Class (form) 200
07:11:14   access Compliance Officer → CAFM Asset Class (form) 200
07:11:14   access HSE Officer → CAFM Asset Class (form) 200
07:11:14   access Plant Manager → CAFM Asset Class (form) 200
07:11:15   access Executive → CAFM Request Category (form) 200
07:11:15   access Resident → CAFM Unit (form) 200
07:11:15   access Helpdesk → CAFM Request Category (form) 200
07:11:15   access Compliance Officer → CAFM Unit (form) 200
07:11:15   access Plant Manager → CAFM Unit (form) 200
07:11:15   access Subcontractor Supervisor → CAFM Request Category (form) 200
07:11:15   access Resident → CAFM Request Category (form) 200
07:11:15   access Plant Manager → CAFM Request Category (form) 200
07:11:15   access Executive → CAFM Root Cause (form) 200
07:11:15   access Helpdesk → CAFM Root Cause (form) 200
07:11:16   access Subcontractor Supervisor → CAFM Root Cause (form) 200
07:11:16   access Resident → CAFM Root Cause (form) 200
07:11:16   access Compliance Officer → CAFM Root Cause (form) 200
07:11:16   access HSE Officer → CAFM Root Cause (form) 200
07:11:17   access Compliance Officer → CAFM Request Category (form) 423
07:11:17   access Technician → CAFM Request Category (form) 200
07:11:17   access Plant Manager → CAFM Root Cause (form) 200
07:11:17   access HSE Officer → CAFM Request Category (form) 200
07:11:17   access Helpdesk → CAFM SLA Policy (form) 200
07:11:17   access Subcontractor Supervisor → CAFM SLA Policy (form) 200
07:11:17   access Resident → CAFM SLA Policy (form) 200
07:11:17   access Technician → CAFM Root Cause (form) 200
07:11:17   access HSE Officer → CAFM SLA Policy (form) 200
07:11:18   access Executive → CAFM Subcontractor (form) 200
07:11:18   access Helpdesk → CAFM Subcontractor (form) 200
07:11:18   access Subcontractor Supervisor → CAFM Subcontractor (form) 200
07:11:18   access Executive → CAFM SLA Policy (form) 200
07:11:19   access Technician → CAFM SLA Policy (form) 200
07:11:19   access Technician → CAFM Subcontractor (form) 200
07:11:19   access Compliance Officer → CAFM Subcontractor (form) 200
07:11:19   access Compliance Officer → CAFM SLA Policy (form) 200
07:11:19   access HSE Officer → CAFM Subcontractor (form) 200
07:11:19   access Plant Manager → CAFM SLA Policy (form) 200
07:11:19   access Executive → CAFM Asset (form) 200
07:11:19   access Subcontractor Supervisor → CAFM Asset (form) 200
07:11:19   access Technician → CAFM Asset (form) 200
07:11:20   access Resident → CAFM Asset (form) 200
07:11:20   access Plant Manager → CAFM Subcontractor (form) 200
07:11:20   access HSE Officer → CAFM Asset (form) 200
07:11:20   access Plant Manager → CAFM Asset (form) 200
07:11:20   access FM Manager → CAFM Site (form) 200
07:11:20   access FM Manager → CAFM Unit (form) 200
07:11:20   access FM Manager → CAFM Asset Class (form) 200
07:11:20   access FM Manager → CAFM Request Category (form) 200
07:11:21   access Resident → CAFM Subcontractor (form) 200
07:11:21   access FM Manager → CAFM SLA Policy (form) 200
07:11:21   access FM Manager → CAFM Root Cause (form) 200
07:11:21   access FM Manager → CAFM Subcontractor (form) 200
07:11:21   access Helpdesk → CAFM Asset (form) 200
07:11:21   access FM Manager → CAFM Asset (form) 200
07:11:21   access DLP Manager → CAFM Asset Class (form) 200
07:11:21   access DLP Manager → CAFM Site (form) 200
07:11:21   access DLP Manager → CAFM Unit (form) 200
07:11:21   access Compliance Officer → CAFM Asset (form) 200
07:11:21   access DLP Manager → CAFM Root Cause (form) 200
07:11:21   access DLP Manager → CAFM Request Category (form) 200
07:11:21   access DLP Manager → CAFM SLA Policy (form) 200
07:11:21   access DLP Manager → CAFM Subcontractor (form) 200
07:11:22   access DLP Manager → CAFM Asset (form) 200
07:11:22   access FM Manager → CAFM WO Event (form) 200
07:11:22   access Technician → CAFM WO Event (form) 200
07:11:23   access Compliance Officer → CAFM WO Event (form) 200
07:11:23   access HSE Officer → CAFM WO Event (form) 200
07:11:23   access Plant Manager → CAFM WO Event (form) 200
07:11:23   access Executive → CAFM WO Event (form) 423
07:11:23   access Helpdesk → CAFM WO Event (form) 200
07:11:23   access DLP Manager → CAFM WO Event (form) 200
07:11:23   access Executive → CAFM WO Register (form) 200
07:11:24   access Helpdesk → CAFM WO Register (form) 200
07:11:24   access Subcontractor Supervisor → CAFM WO Event (form) 200
07:11:24   access FM Manager → CAFM WO Register (form) 200
07:11:24   access Compliance Officer → CAFM WO Register (form) 200
07:11:24   access Compliance Officer → CAFM Compliance Certificate (form) 200
07:11:24   access FM Manager → CAFM Compliance Certificate (form) 200
07:11:24   access Subcontractor Supervisor → CAFM WO Register (form) 200
07:11:24   access Executive → CAFM Compliance Certificate (form) 200
07:11:24   access FM Manager → CAFM PPM Schedule (form) 200
07:11:24   access Plant Manager → CAFM Equipment (form) 200
07:11:25   access DLP Manager → CAFM WO Register (form) 200
07:11:26   access Compliance Officer → CAFM PPM Schedule (form) 200
07:11:26   access Executive → CAFM Equipment (form) 200
app CAFM_POC_A00 · created 1 · published 14 · skipped 13
roles: Executive(200), FM Manager(200), Helpdesk(200), DLP Manager(200), Subcontractor Supervisor(200), Technician(200), Resident(200), Compliance Officer(200), HSE Officer(200), Plant Manager(200)
errors:
  ✗ member grant Executive → CAFM Site (form) failed: 423
  ✗ member grant Resident → CAFM Site (form) failed: 423
  ✗ member grant Compliance Officer → CAFM Request Category (form) failed: 423
  ✗ member grant Executive → CAFM WO Event (form) failed: 423
