stage A: 17 forms, 16 lists, 10 roles, 102 permissions
06:58:22   incremental: 14 flow(s) in checkpoint — unchanged ones will be skipped (KF_FORCE_REPUBLISH=1 to force)
06:58:22   reuse app CAFM_POC_A00
06:58:22   role Executive → reused
06:58:22   role FM Manager → reused
06:58:22   role Helpdesk → reused
06:58:22   role DLP Manager → reused
06:58:22   role Subcontractor Supervisor → reused
06:58:23   role Technician → 200
06:58:23   role Resident → reused
06:58:23   role Compliance Officer → reused
06:58:23   role HSE Officer → reused
06:58:23   role Plant Manager → reused
06:58:29   roles: developer UsATUIj4RC2p added to 10/10 role(s)
06:58:30   reuse: 40 flow ids from map (skip create for those; new/recreated artifacts in this IR still get created)
06:58:30   list-items CAFM_Channel_A00 → 200 (9)
06:58:30   list-items CAFM_Site_Kind_A00 → 200 (4)
06:58:30   list-items CAFM_Trade_A00 → 200 (7)
06:58:30   list-items CAFM_Asset_Status_A00 → 200 (3)
06:58:30   list-items CAFM_Photo_Kind_A00 → 200 (3)
06:58:30   list-items CAFM_Priority_A00 → 200 (4)
06:58:30   list-items CAFM_Liability_A00 → 200 (6)
06:58:30   list-items CAFM_PPM_Frequency_A00 → 200 (4)
06:58:30   list-items CAFM_Compliance_System_A00 → 200 (10)
06:58:30   list-items CAFM_Hassantuk_Status_A00 → 200 (3)
06:58:30   list-items CAFM_Equipment_Status_A00 → 200 (4)
06:58:30   list-items CAFM_Equipment_Type_A00 → 200 (10)
06:58:30   list-items CAFM_Permit_Type_A00 → 200 (4)
06:58:30   list-items CAFM_Event_Type_A00 → 200 (14)
06:58:31   list-items CAFM_Language_A00 → 200 (2)
06:58:31   list-items CAFM_Subcontractor_Response_A00 → 200 (2)
06:58:31   body CAFM_Site_A00 → skip (unchanged, already published)
06:58:31   body CAFM_Subcontractor_A00 → skip (unchanged, already published)
06:58:31   body CAFM_Unit_A00 → skip (unchanged, already published)
06:58:31   body CAFM_Asset_Class_A00 → skip (unchanged, already published)
06:58:31   body CAFM_Request_Category_A00 → skip (unchanged, already published)
06:58:31   body CAFM_Root_Cause_A00 → skip (unchanged, already published)
06:58:31   body CAFM_SLA_Policy_A00 → skip (unchanged, already published)
06:58:31   body CAFM_Asset_A00 → skip (unchanged, already published)
06:58:31   body CAFM_PPM_Schedule_A00 → skip (unchanged, already published)
06:58:31   body CAFM_Compliance_Certificate_A00 → skip (unchanged, already published)
06:58:31   body CAFM_Equipment_A00 → skip (unchanged, already published)
06:58:31   body CAFM_WO_Event_A00 → skip (unchanged, already published)
06:58:31   body CAFM_WO_Register_A00 → skip (unchanged, already published)
06:58:31   body CAFM_zz_Formula_Sandbox_A00 → skip (unchanged, already published)
06:58:31   access Technician → CAFM Site (form) 200
06:58:32   access Subcontractor Supervisor → CAFM Site (form) 200
06:58:32   access Resident → CAFM Site (form) 200
06:58:32   access Compliance Officer → CAFM Site (form) 200
06:58:32   access HSE Officer → CAFM Site (form) 200
06:58:32   access Executive → CAFM Unit (form) 200
06:58:33   access Helpdesk → CAFM Unit (form) 200
06:58:33   access Executive → CAFM Site (form) 423
06:58:33   access Subcontractor Supervisor → CAFM Unit (form) 200
06:58:33   access Helpdesk → CAFM Site (form) 200
06:58:34   access Technician → CAFM Unit (form) 200
06:58:34   access HSE Officer → CAFM Unit (form) 200
06:58:34   access Plant Manager → CAFM Site (form) 200
06:58:34   access Executive → CAFM Asset Class (form) 200
06:58:35   access Helpdesk → CAFM Asset Class (form) 200
06:58:35   access Subcontractor Supervisor → CAFM Asset Class (form) 200
06:58:35   access Compliance Officer → CAFM Unit (form) 200
06:58:35   access Technician → CAFM Asset Class (form) 200
06:58:36   access Resident → CAFM Unit (form) 423
06:58:36   access Compliance Officer → CAFM Asset Class (form) 200
06:58:37   access Plant Manager → CAFM Unit (form) 200
06:58:37   access HSE Officer → CAFM Asset Class (form) 200
06:58:37   access Resident → CAFM Asset Class (form) 200
06:58:38   access Executive → CAFM Request Category (form) 200
06:58:39   access Plant Manager → CAFM Asset Class (form) 200
06:58:39   access Subcontractor Supervisor → CAFM Request Category (form) 200
06:58:40   access Helpdesk → CAFM Request Category (form) 200
06:58:40   access Compliance Officer → CAFM Request Category (form) 200
06:58:41   access Technician → CAFM Request Category (form) 423
06:58:41   access Plant Manager → CAFM Request Category (form) 200
06:58:41   access HSE Officer → CAFM Request Category (form) 200
06:58:42   access Executive → CAFM Root Cause (form) 200
06:58:42   access Helpdesk → CAFM Root Cause (form) 200
06:58:43   access Resident → CAFM Request Category (form) 200
06:58:43   access Technician → CAFM Root Cause (form) 200
06:58:43   access Compliance Officer → CAFM Root Cause (form) 200
06:58:44   access Subcontractor Supervisor → CAFM Root Cause (form) 423
06:58:44   access HSE Officer → CAFM Root Cause (form) 200
06:58:44   access Plant Manager → CAFM Root Cause (form) 200
06:58:45   access Executive → CAFM SLA Policy (form) 200
06:58:47   access Subcontractor Supervisor → CAFM SLA Policy (form) 200
06:58:47   access Resident → CAFM Root Cause (form) 200
06:58:47   access Helpdesk → CAFM SLA Policy (form) 423
06:58:48   access Technician → CAFM SLA Policy (form) 423
06:58:48   access Resident → CAFM SLA Policy (form) 200
06:58:49   access Executive → CAFM Subcontractor (form) 200
06:58:49   access HSE Officer → CAFM SLA Policy (form) 423
06:58:49   access Plant Manager → CAFM SLA Policy (form) 200
06:58:50   access Subcontractor Supervisor → CAFM Subcontractor (form) 200
06:58:50   access Technician → CAFM Subcontractor (form) 200
06:58:50   access Helpdesk → CAFM Subcontractor (form) 200
06:58:51   access Plant Manager → CAFM Subcontractor (form) 200
06:58:51   access Executive → CAFM Asset (form) 200
06:58:51   access Compliance Officer → CAFM Subcontractor (form) 200
06:58:52   access Resident → CAFM Subcontractor (form) 200
06:58:52   access HSE Officer → CAFM Subcontractor (form) 200
06:58:53   access Compliance Officer → CAFM SLA Policy (form) 200
06:58:53   access Helpdesk → CAFM Asset (form) 200
06:58:53   access Technician → CAFM Asset (form) 423
06:58:54   access HSE Officer → CAFM Asset (form) 200
06:58:54   access Plant Manager → CAFM Asset (form) 200
06:58:55   access Subcontractor Supervisor → CAFM Asset (form) 200
06:58:55   access Compliance Officer → CAFM Asset (form) 423
06:58:55   access FM Manager → CAFM Site (form) 200
06:58:55   access Resident → CAFM Asset (form) 200
06:58:55   access FM Manager → CAFM Unit (form) 200
06:58:55   access FM Manager → CAFM Asset Class (form) 200
06:58:56   access FM Manager → CAFM Request Category (form) 200
06:58:57   access FM Manager → CAFM Root Cause (form) 200
06:58:57   access FM Manager → CAFM SLA Policy (form) 200
06:58:57   access FM Manager → CAFM Asset (form) 200
06:58:58   access DLP Manager → CAFM Site (form) 200
06:58:58   access FM Manager → CAFM Subcontractor (form) 200
06:58:58   access DLP Manager → CAFM Unit (form) 200
06:58:58   access DLP Manager → CAFM Request Category (form) 200
06:58:58   access DLP Manager → CAFM Asset Class (form) 200
06:58:58   access DLP Manager → CAFM Root Cause (form) 200
06:58:59   access DLP Manager → CAFM SLA Policy (form) 200
06:58:59   access DLP Manager → CAFM Asset (form) 200
06:59:00   access DLP Manager → CAFM Subcontractor (form) 200
06:59:01   access Helpdesk → CAFM WO Event (form) 200
06:59:02   access FM Manager → CAFM WO Event (form) 200
06:59:03   access Executive → CAFM WO Event (form) 423
06:59:03   access Subcontractor Supervisor → CAFM WO Event (form) 200
06:59:03   access Technician → CAFM WO Event (form) 200
06:59:03   access Compliance Officer → CAFM WO Event (form) 200
06:59:04   access HSE Officer → CAFM WO Event (form) 200
06:59:04   access Executive → CAFM WO Register (form) 200
06:59:04   access FM Manager → CAFM WO Register (form) 200
06:59:04   access DLP Manager → CAFM WO Event (form) 200
06:59:05   access Helpdesk → CAFM WO Register (form) 200
06:59:05   access Plant Manager → CAFM WO Event (form) 200
06:59:06   access Compliance Officer → CAFM Compliance Certificate (form) 200
06:59:07   access DLP Manager → CAFM WO Register (form) 423
06:59:07   access Compliance Officer → CAFM WO Register (form) 423
06:59:07   access FM Manager → CAFM Compliance Certificate (form) 423
06:59:07   access Subcontractor Supervisor → CAFM WO Register (form) 200
06:59:08   access FM Manager → CAFM PPM Schedule (form) 200
06:59:08   access Executive → CAFM Compliance Certificate (form) 200
06:59:08   access Plant Manager → CAFM Equipment (form) 200
06:59:08   access Executive → CAFM Equipment (form) 200
06:59:09   access Compliance Officer → CAFM PPM Schedule (form) 200
app CAFM_POC_A00 · created 0 · published 14 · skipped 14
roles: Executive(200), FM Manager(200), Helpdesk(200), DLP Manager(200), Subcontractor Supervisor(200), Technician(200), Resident(200), Compliance Officer(200), HSE Officer(200), Plant Manager(200)
errors:
  ✗ member grant Executive → CAFM Site (form) failed: 423
  ✗ member grant Resident → CAFM Unit (form) failed: 423
  ✗ member grant Technician → CAFM Request Category (form) failed: 423
  ✗ member grant Subcontractor Supervisor → CAFM Root Cause (form) failed: 423
  ✗ member grant Helpdesk → CAFM SLA Policy (form) failed: 423
  ✗ member grant Technician → CAFM SLA Policy (form) failed: 423
  ✗ member grant HSE Officer → CAFM SLA Policy (form) failed: 423
  ✗ member grant Technician → CAFM Asset (form) failed: 423
  ✗ member grant Compliance Officer → CAFM Asset (form) failed: 423
  ✗ member grant Executive → CAFM WO Event (form) failed: 423
  ✗ member grant DLP Manager → CAFM WO Register (form) failed: 423
  ✗ member grant Compliance Officer → CAFM WO Register (form) failed: 423
  ✗ member grant FM Manager → CAFM Compliance Certificate (form) failed: 423
