stage A: 17 forms, 16 lists, 10 roles, 102 permissions
07:21:38   incremental: 15 flow(s) in checkpoint — unchanged ones will be skipped (KF_FORCE_REPUBLISH=1 to force)
07:21:38   reuse app CAFM_POC_A00
07:21:38   role Executive → reused
07:21:38   role FM Manager → reused
07:21:38   role Helpdesk → reused
07:21:38   role DLP Manager → reused
07:21:38   role Subcontractor Supervisor → reused
07:21:38   role Technician → reused
07:21:38   role Resident → reused
07:21:38   role Compliance Officer → reused
07:21:38   role HSE Officer → reused
07:21:38   role Plant Manager → reused
07:21:41   roles: developer UsATUIj4RC2p added to 10/10 role(s)
07:21:41   reuse: 41 flow ids from map (skip create for those; new/recreated artifacts in this IR still get created)
07:21:41   list-items CAFM_Priority_A00 → 200 (4)
07:21:41   list-items CAFM_Channel_A00 → 200 (9)
07:21:42   list-items CAFM_Site_Kind_A00 → 200 (4)
07:21:42   list-items CAFM_Asset_Status_A00 → 200 (3)
07:21:42   list-items CAFM_Liability_A00 → 200 (6)
07:21:42   list-items CAFM_Trade_A00 → 200 (7)
07:21:42   list-items CAFM_Photo_Kind_A00 → 200 (3)
07:21:42   list-items CAFM_Compliance_System_A00 → 200 (10)
07:21:42   list-items CAFM_Permit_Type_A00 → 200 (4)
07:21:42   list-items CAFM_Equipment_Type_A00 → 200 (10)
07:21:42   list-items CAFM_PPM_Frequency_A00 → 200 (4)
07:21:42   list-items CAFM_Hassantuk_Status_A00 → 200 (3)
07:21:42   list-items CAFM_Equipment_Status_A00 → 200 (4)
07:21:42   list-items CAFM_Subcontractor_Response_A00 → 200 (2)
07:21:42   list-items CAFM_Event_Type_A00 → 200 (14)
07:21:42   list-items CAFM_Language_A00 → 200 (2)
07:21:42   body CAFM_Site_A00 → skip (unchanged, already published)
07:21:42   body CAFM_Subcontractor_A00 → skip (unchanged, already published)
07:21:42   body CAFM_Unit_A00 → skip (unchanged, already published)
07:21:42   body CAFM_Asset_Class_A00 → skip (unchanged, already published)
07:21:42   body CAFM_Request_Category_A00 → skip (unchanged, already published)
07:21:42   body CAFM_Root_Cause_A00 → skip (unchanged, already published)
07:21:42   body CAFM_SLA_Policy_A00 → skip (unchanged, already published)
07:21:42   body CAFM_Asset_A00 → skip (unchanged, already published)
07:21:42   body CAFM_PPM_Schedule_A00 → skip (unchanged, already published)
07:21:42   body CAFM_Compliance_Certificate_A00 → skip (unchanged, already published)
07:21:42   body CAFM_Equipment_A00 → skip (unchanged, already published)
07:21:42   body CAFM_WO_Event_A00 → skip (unchanged, already published)
07:21:42   body CAFM_WO_Register_A00 → skip (unchanged, already published)
07:21:44   body CAFM_zz_Formula_Sandbox_2_A00 → draft 200, publish 200
07:21:44   access Executive → CAFM Site (form) 200
07:21:44   access Resident → CAFM Site (form) 200
07:21:45   access Compliance Officer → CAFM Site (form) 200
07:21:45   access Plant Manager → CAFM Site (form) 200
07:21:45   access Executive → CAFM Unit (form) 200
07:21:45   access Subcontractor Supervisor → CAFM Site (form) 423
07:21:46   access Technician → CAFM Site (form) 423
07:21:46   access Helpdesk → CAFM Site (form) 200
07:21:46   access Helpdesk → CAFM Unit (form) 200
07:21:46   access Resident → CAFM Unit (form) 200
07:21:46   access Compliance Officer → CAFM Unit (form) 200
07:21:46   access HSE Officer → CAFM Site (form) 200
07:21:47   access Plant Manager → CAFM Unit (form) 200
07:21:47   access Executive → CAFM Asset Class (form) 200
07:21:47   access Helpdesk → CAFM Asset Class (form) 200
07:21:47   access Subcontractor Supervisor → CAFM Asset Class (form) 200
07:21:47   access Subcontractor Supervisor → CAFM Unit (form) 200
07:21:47   access Technician → CAFM Unit (form) 423
07:21:48   access Resident → CAFM Asset Class (form) 200
07:21:48   access Compliance Officer → CAFM Asset Class (form) 200
07:21:48   access HSE Officer → CAFM Unit (form) 200
07:21:48   access Plant Manager → CAFM Asset Class (form) 200
07:21:48   access Executive → CAFM Request Category (form) 200
07:21:48   access Helpdesk → CAFM Request Category (form) 200
07:21:48   access Subcontractor Supervisor → CAFM Request Category (form) 200
07:21:49   access Technician → CAFM Request Category (form) 200
07:21:49   access Technician → CAFM Asset Class (form) 200
07:21:49   access Compliance Officer → CAFM Request Category (form) 200
07:21:50   access Plant Manager → CAFM Request Category (form) 200
07:21:50   access HSE Officer → CAFM Asset Class (form) 200
07:21:50   access Executive → CAFM Root Cause (form) 200
07:21:50   access Helpdesk → CAFM Root Cause (form) 200
07:21:50   access Technician → CAFM Root Cause (form) 200
07:21:51   access Resident → CAFM Request Category (form) 200
07:21:51   access Resident → CAFM Root Cause (form) 200
07:21:51   access HSE Officer → CAFM Request Category (form) 200
07:21:51   access HSE Officer → CAFM Root Cause (form) 200
07:21:52   access Executive → CAFM SLA Policy (form) 200
07:21:52   access Helpdesk → CAFM SLA Policy (form) 200
07:21:52   access Subcontractor Supervisor → CAFM Root Cause (form) 200
07:21:52   access Compliance Officer → CAFM Root Cause (form) 200
07:21:53   access Resident → CAFM SLA Policy (form) 200
07:21:53   access Plant Manager → CAFM Root Cause (form) 200
07:21:53   access Subcontractor Supervisor → CAFM SLA Policy (form) 200
07:21:54   access Technician → CAFM SLA Policy (form) 200
07:21:54   access Compliance Officer → CAFM SLA Policy (form) 200
07:21:54   access HSE Officer → CAFM SLA Policy (form) 200
07:21:55   access Executive → CAFM Subcontractor (form) 200
07:21:55   access Helpdesk → CAFM Subcontractor (form) 200
07:21:55   access Technician → CAFM Subcontractor (form) 200
07:21:55   access Resident → CAFM Subcontractor (form) 200
07:21:56   access Compliance Officer → CAFM Subcontractor (form) 200
07:21:56   access Plant Manager → CAFM SLA Policy (form) 200
07:21:56   access Plant Manager → CAFM Subcontractor (form) 200
07:21:56   access Executive → CAFM Asset (form) 200
07:21:57   access Subcontractor Supervisor → CAFM Subcontractor (form) 200
07:21:57   access Subcontractor Supervisor → CAFM Asset (form) 200
07:21:57   access HSE Officer → CAFM Subcontractor (form) 200
07:21:57   access Technician → CAFM Asset (form) 200
07:21:58   access Compliance Officer → CAFM Asset (form) 200
07:21:58   access Plant Manager → CAFM Asset (form) 200
07:21:58   access Helpdesk → CAFM Asset (form) 200
07:21:59   access FM Manager → CAFM Site (form) 200
07:21:59   access FM Manager → CAFM Unit (form) 200
07:21:59   access FM Manager → CAFM Asset Class (form) 200
07:21:59   access Resident → CAFM Asset (form) 200
07:21:59   access FM Manager → CAFM Request Category (form) 200
07:22:00   access FM Manager → CAFM SLA Policy (form) 200
07:22:00   access HSE Officer → CAFM Asset (form) 200
07:22:00   access FM Manager → CAFM Subcontractor (form) 200
07:22:01   access DLP Manager → CAFM Site (form) 200
07:22:01   access FM Manager → CAFM Asset (form) 200
07:22:01   access DLP Manager → CAFM Unit (form) 200
07:22:01   access DLP Manager → CAFM Asset Class (form) 200
07:22:02   access DLP Manager → CAFM Request Category (form) 200
07:22:02   access DLP Manager → CAFM Subcontractor (form) 200
07:22:02   access Executive → CAFM WO Event (form) 200
07:22:03   access DLP Manager → CAFM Asset (form) 200
07:22:03   access DLP Manager → CAFM SLA Policy (form) 200
07:22:03   access FM Manager → CAFM WO Event (form) 200
07:22:03   access Helpdesk → CAFM WO Event (form) 200
07:22:04   access DLP Manager → CAFM WO Event (form) 200
07:22:04   access DLP Manager → CAFM Root Cause (form) 423
07:22:04   access Subcontractor Supervisor → CAFM WO Event (form) 200
07:22:04   access Compliance Officer → CAFM WO Event (form) 200
07:22:04   access Plant Manager → CAFM WO Event (form) 200
07:22:05   access Executive → CAFM WO Register (form) 200
07:22:06   access Technician → CAFM WO Event (form) 200
07:22:06   access HSE Officer → CAFM WO Event (form) 200
07:22:07   access FM Manager → CAFM WO Register (form) 200
07:22:07   access Subcontractor Supervisor → CAFM WO Register (form) 200
07:22:07   access Helpdesk → CAFM WO Register (form) 200
07:22:07   access Compliance Officer → CAFM Compliance Certificate (form) 200
07:22:08   access DLP Manager → CAFM WO Register (form) 200
07:22:08   access Executive → CAFM Compliance Certificate (form) 200
07:22:08   access FM Manager → CAFM PPM Schedule (form) 200
07:22:09   access Compliance Officer → CAFM PPM Schedule (form) 200
07:22:11   access Compliance Officer → CAFM WO Register (form) 200
07:22:11   access Plant Manager → CAFM Equipment (form) 200
07:22:12   access Executive → CAFM Equipment (form) 200
07:22:12   access FM Manager → CAFM Compliance Certificate (form) 200
07:22:17   access FM Manager → CAFM Root Cause (form) 200
app CAFM_POC_A00 · created 0 · published 14 · skipped 13
roles: Executive(200), FM Manager(200), Helpdesk(200), DLP Manager(200), Subcontractor Supervisor(200), Technician(200), Resident(200), Compliance Officer(200), HSE Officer(200), Plant Manager(200)
errors:
  ✗ member grant Subcontractor Supervisor → CAFM Site (form) failed: 423
  ✗ member grant Technician → CAFM Site (form) failed: 423
  ✗ member grant Technician → CAFM Unit (form) failed: 423
  ✗ member grant DLP Manager → CAFM Root Cause (form) failed: 423
