stage B: 25 forms, 16 lists, 10 roles, 120 permissions
07:23:19   incremental: 15 flow(s) in checkpoint — unchanged ones will be skipped (KF_FORCE_REPUBLISH=1 to force)
07:23:19   reuse app CAFM_POC_A00
07:23:19   role Executive → reused
07:23:19   role FM Manager → reused
07:23:19   role Helpdesk → reused
07:23:19   role DLP Manager → reused
07:23:19   role Subcontractor Supervisor → reused
07:23:19   role Technician → reused
07:23:19   role Resident → reused
07:23:19   role Compliance Officer → reused
07:23:19   role HSE Officer → reused
07:23:19   role Plant Manager → reused
07:23:23   roles: developer UsATUIj4RC2p added to 10/10 role(s)
07:23:23   reuse: 41 flow ids from map (skip create for those; new/recreated artifacts in this IR still get created)
07:23:23   shell process CAFM_Back_charge_A00 → CAFM_Back_charge_A00
07:23:23   shell process CAFM_Permit_To_Work_A00 → CAFM_Permit_To_Work_A00
07:23:23   shell process CAFM_Work_Order_A00 → CAFM_Work_Order_A00
07:23:26   shell case CAFM_Breakdown_A00 → CAFM_Breakdown_A00
07:23:26   shell case CAFM_Snag_A00 → CAFM_Snag_A00
07:23:26   list-items CAFM_Trade_A00 → 200 (7)
07:23:26   list-items CAFM_Channel_A00 → 200 (9)
07:23:26   list-items CAFM_Site_Kind_A00 → 200 (4)
07:23:26   list-items CAFM_Liability_A00 → 200 (6)
07:23:26   list-items CAFM_Photo_Kind_A00 → 200 (3)
07:23:26   list-items CAFM_Priority_A00 → 200 (4)
07:23:26   list-items CAFM_Compliance_System_A00 → 200 (10)
07:23:26   list-items CAFM_Hassantuk_Status_A00 → 200 (3)
07:23:26   list-items CAFM_Asset_Status_A00 → 200 (3)
07:23:26   list-items CAFM_PPM_Frequency_A00 → 200 (4)
07:23:26   list-items CAFM_Permit_Type_A00 → 200 (4)
07:23:26   list-items CAFM_Equipment_Type_A00 → 200 (10)
07:23:26   list-items CAFM_Equipment_Status_A00 → 200 (4)
07:23:26   list-items CAFM_Subcontractor_Response_A00 → 200 (2)
07:23:26   list-items CAFM_Event_Type_A00 → 200 (14)
07:23:27   list-items CAFM_Language_A00 → 200 (2)
07:23:29   body CAFM_Back_charge_A00 → draft 200, publish 200
07:23:29   body CAFM_Breakdown_A00 → draft 200, publish 200
07:23:29   body CAFM_Site_A00 → skip (unchanged, already published)
07:23:29   body CAFM_Subcontractor_A00 → skip (unchanged, already published)
07:23:29   body CAFM_Unit_A00 → skip (unchanged, already published)
07:23:29   body CAFM_Asset_Class_A00 → skip (unchanged, already published)
07:23:29   body CAFM_Request_Category_A00 → skip (unchanged, already published)
07:23:29   body CAFM_Root_Cause_A00 → skip (unchanged, already published)
07:23:29   body CAFM_SLA_Policy_A00 → skip (unchanged, already published)
07:23:29   body CAFM_Asset_A00 → skip (unchanged, already published)
07:23:29   body CAFM_PPM_Schedule_A00 → skip (unchanged, already published)
07:23:29   body CAFM_Compliance_Certificate_A00 → skip (unchanged, already published)
07:23:29   body CAFM_Equipment_A00 → skip (unchanged, already published)
07:23:29   body CAFM_WO_Event_A00 → skip (unchanged, already published)
07:23:29   body CAFM_WO_Register_A00 → skip (unchanged, already published)
07:23:29   body CAFM_Work_Order_A00 → draft 200, publish 200
07:23:30   body CAFM_Permit_To_Work_A00 → draft 200, publish 200
07:23:31   body CAFM_Snag_A00 → draft 200, publish 200
07:23:33   caseflow CAFM_Snag_A00 → statuses 6, draft 200, publish 200
07:23:36   caseflow CAFM_Breakdown_A00 → statuses 6, draft 200, publish 200
07:23:38   board page CAFM Snag Board → CAFM_Snag_Board {"create":200,"put":200,"publish":200}
07:23:40   board page CAFM Breakdown Board → CAFM_Breakdown_Board {"create":200,"put":200,"publish":200}
07:23:41   access Executive → CAFM Site (form) 200
07:23:41   access Compliance Officer → CAFM Site (form) 200
07:23:41   access HSE Officer → CAFM Site (form) 200
07:23:42   access Plant Manager → CAFM Site (form) 200
07:23:42   access Executive → CAFM Unit (form) 200
07:23:42   access Helpdesk → CAFM Site (form) 423
07:23:42   access Resident → CAFM Site (form) 423
07:23:42   access Technician → CAFM Site (form) 200
07:23:42   access Subcontractor Supervisor → CAFM Unit (form) 200
07:23:42   access Subcontractor Supervisor → CAFM Site (form) 200
07:23:42   access Helpdesk → CAFM Unit (form) 200
07:23:43   access Compliance Officer → CAFM Unit (form) 200
07:23:43   access Plant Manager → CAFM Unit (form) 200
07:23:43   access Executive → CAFM Asset Class (form) 200
07:23:43   access Helpdesk → CAFM Asset Class (form) 200
07:23:44   access Technician → CAFM Asset Class (form) 200
07:23:44   access Subcontractor Supervisor → CAFM Asset Class (form) 200
07:23:44   access Resident → CAFM Unit (form) 200
07:23:44   access Technician → CAFM Unit (form) 200
07:23:44   access HSE Officer → CAFM Asset Class (form) 200
07:23:44   access Plant Manager → CAFM Asset Class (form) 200
07:23:44   access HSE Officer → CAFM Unit (form) 200
07:23:45   access Executive → CAFM Request Category (form) 200
07:23:45   access Helpdesk → CAFM Request Category (form) 200
07:23:45   access Technician → CAFM Request Category (form) 200
07:23:45   access Resident → CAFM Request Category (form) 200
07:23:45   access Compliance Officer → CAFM Request Category (form) 200
07:23:45   access HSE Officer → CAFM Request Category (form) 200
07:23:46   access Resident → CAFM Asset Class (form) 200
07:23:46   access Executive → CAFM Root Cause (form) 200
07:23:46   access Helpdesk → CAFM Root Cause (form) 200
07:23:46   access Compliance Officer → CAFM Asset Class (form) 200
07:23:46   access Subcontractor Supervisor → CAFM Root Cause (form) 200
07:23:46   access Subcontractor Supervisor → CAFM Request Category (form) 200
07:23:46   access Resident → CAFM Root Cause (form) 200
07:23:47   access HSE Officer → CAFM Root Cause (form) 200
07:23:47   access Executive → CAFM SLA Policy (form) 200
07:23:47   access Plant Manager → CAFM Request Category (form) 200
07:23:47   access Helpdesk → CAFM SLA Policy (form) 200
07:23:48   access Subcontractor Supervisor → CAFM SLA Policy (form) 200
07:23:48   access Technician → CAFM Root Cause (form) 200
07:23:48   access Resident → CAFM SLA Policy (form) 200
07:23:48   access Compliance Officer → CAFM Root Cause (form) 200
07:23:48   access Compliance Officer → CAFM SLA Policy (form) 200
07:23:48   access Plant Manager → CAFM SLA Policy (form) 200
07:23:48   access Plant Manager → CAFM Root Cause (form) 200
07:23:49   access Helpdesk → CAFM Subcontractor (form) 200
07:23:49   access Technician → CAFM Subcontractor (form) 200
07:23:49   access Resident → CAFM Subcontractor (form) 200
07:23:49   access Technician → CAFM SLA Policy (form) 200
07:23:50   access Compliance Officer → CAFM Subcontractor (form) 200
07:23:50   access HSE Officer → CAFM SLA Policy (form) 200
07:23:50   access Executive → CAFM Subcontractor (form) 423
07:23:50   access Executive → CAFM Asset (form) 200
07:23:50   access Subcontractor Supervisor → CAFM Subcontractor (form) 200
07:23:51   access Helpdesk → CAFM Asset (form) 200
07:23:51   access Subcontractor Supervisor → CAFM Asset (form) 200
07:23:51   access Technician → CAFM Asset (form) 200
07:23:51   access HSE Officer → CAFM Subcontractor (form) 200
07:23:52   access Compliance Officer → CAFM Asset (form) 200
07:23:52   access HSE Officer → CAFM Asset (form) 200
07:23:52   access Plant Manager → CAFM Asset (form) 200
07:23:52   access Plant Manager → CAFM Subcontractor (form) 200
07:23:52   access FM Manager → CAFM Site (form) 200
07:23:53   access FM Manager → CAFM Unit (form) 200
07:23:53   access FM Manager → CAFM Asset Class (form) 200
07:23:53   access FM Manager → CAFM Request Category (form) 200
07:23:53   access FM Manager → CAFM Subcontractor (form) 200
07:23:53   access FM Manager → CAFM Root Cause (form) 200
07:23:53   access FM Manager → CAFM SLA Policy (form) 200
07:23:53   access Resident → CAFM Asset (form) 423
07:23:53   access FM Manager → CAFM Asset (form) 200
07:23:53   access DLP Manager → CAFM Site (form) 200
07:23:53   access DLP Manager → CAFM Unit (form) 200
07:23:54   access DLP Manager → CAFM Asset Class (form) 200
07:23:54   access DLP Manager → CAFM Subcontractor (form) 200
07:23:54   access DLP Manager → CAFM SLA Policy (form) 200
07:23:54   access DLP Manager → CAFM Request Category (form) 200
07:23:54   access DLP Manager → CAFM Root Cause (form) 200
07:23:54   access DLP Manager → CAFM Asset (form) 200
07:23:54   access Resident → CAFM Work Order (process) 200
07:23:55   access Subcontractor Supervisor → CAFM Work Order (process) 200
07:23:55     report CAFM Work Order All Items → Resident View report
07:23:55   access Technician → CAFM Work Order (process) 200
07:23:56   access FM Manager → CAFM Work Order (process) 423
07:23:56   access Helpdesk → CAFM Work Order (process) 200
07:23:56   access DLP Manager → CAFM Work Order (process) 200
07:23:57   access Executive → CAFM Work Order (process) 200
07:23:57   access DLP Manager → CAFM Back-charge (process) 200
07:23:58     report CAFM Back-charge All Items → DLP Manager View report
07:23:58   access Subcontractor Supervisor → CAFM Back-charge (process) 200
07:23:58   access Executive → CAFM Back-charge (process) 200
07:23:58   access Technician → CAFM Permit To Work (process) 200
07:23:59   access HSE Officer → CAFM Permit To Work (process) 200
07:23:59     report CAFM Permit To Work All Items → Technician View report
07:23:59     report CAFM Permit To Work All Items → HSE Officer View report
07:23:59   access Executive → CAFM WO Event (form) 200
07:23:59   access FM Manager → CAFM WO Event (form) 200
07:24:00   access DLP Manager → CAFM WO Event (form) 200
07:24:00   access Subcontractor Supervisor → CAFM WO Event (form) 200
07:24:00   access Technician → CAFM WO Event (form) 200
07:24:01   access Compliance Officer → CAFM WO Event (form) 200
07:24:01   access Plant Manager → CAFM WO Event (form) 200
07:24:01   access FM Manager → CAFM WO Register (form) 200
07:24:01   access FM Manager → CAFM Permit To Work (process) 200
07:24:01     report CAFM Permit To Work All Items → FM Manager View report
07:24:01   access Helpdesk → CAFM WO Register (form) 200
07:24:01   access Helpdesk → CAFM WO Event (form) 200
07:24:01   access DLP Manager → CAFM WO Register (form) 200
07:24:02   access Subcontractor Supervisor → CAFM WO Register (form) 200
07:24:02   access HSE Officer → CAFM WO Event (form) 200
07:24:02   access Subcontractor Supervisor → CAFM Snag (case) 200
07:24:03   access Executive → CAFM WO Register (form) 200
07:24:03     report CAFM Snag All Items → Subcontractor Supervisor View report
07:24:03   access Compliance Officer → CAFM Compliance Certificate (form) 200
07:24:03   access Executive → CAFM Snag (case) 200
07:24:03   access Compliance Officer → CAFM WO Register (form) 200
07:24:03   access FM Manager → CAFM Compliance Certificate (form) 200
07:24:03     report CAFM Snag All Items → Executive View report
07:24:04   access Executive → CAFM Compliance Certificate (form) 200
07:24:04   access FM Manager → CAFM PPM Schedule (form) 200
07:24:04   access Plant Manager → CAFM Equipment (form) 200
07:24:04   access Compliance Officer → CAFM PPM Schedule (form) 200
07:24:04   access Executive → CAFM Equipment (form) 200
07:24:04   access DLP Manager → CAFM Snag (case) 200
07:24:04     report CAFM Snag All Items → DLP Manager View report
07:24:04   access Executive → CAFM Breakdown (case) 200
07:24:04     report CAFM Breakdown All Items → Executive View report
07:24:06   access Plant Manager → CAFM Breakdown (case) 200
07:24:06     report CAFM Breakdown All Items → Plant Manager View report
07:24:07   nav: 1 menus / 0 sub-menus, draft 200 publish 200
app CAFM_POC_A00 · created 7 · published 18 · skipped 13
roles: Executive(200), FM Manager(200), Helpdesk(200), DLP Manager(200), Subcontractor Supervisor(200), Technician(200), Resident(200), Compliance Officer(200), HSE Officer(200), Plant Manager(200)
errors:
  ✗ member grant Helpdesk → CAFM Site (form) failed: 423
  ✗ member grant Resident → CAFM Site (form) failed: 423
  ✗ member grant Executive → CAFM Subcontractor (form) failed: 423
  ✗ member grant Resident → CAFM Asset (form) failed: 423
  ✗ member grant FM Manager → CAFM Work Order (process) failed: 423
