stage A: 17 forms, 16 lists, 10 roles, 102 permissions
06:56:45   reuse app CAFM_POC_A00
06:56:45   role Executive → 200
06:56:46   role FM Manager → 200
06:56:46   role Helpdesk → 200
06:56:46   role DLP Manager → 200
06:56:46   role Subcontractor Supervisor → 200
06:56:46   role Technician → 200
06:56:47   role Resident → 200
06:56:47   role Compliance Officer → 200
06:56:47   role HSE Officer → 200
06:56:47   role Plant Manager → 200
06:56:53   roles: developer UsATUIj4RC2p added to 10/10 role(s)
06:56:54   reuse: 0 flow ids from map (skip create for those; new/recreated artifacts in this IR still get created)
06:56:54   shell list CAFM_Trade_A00 → CAFM_Trade_A00
06:56:54   shell list CAFM_Liability_A00 → CAFM_Liability_A00
06:56:54   shell list CAFM_Photo_Kind_A00 → CAFM_Photo_Kind_A00
06:56:55   shell list CAFM_Compliance_System_A00 → CAFM_Compliance_System_A00
06:56:55   shell list CAFM_Channel_A00 → CAFM_Channel_A00
06:56:55   shell list CAFM_Site_Kind_A00 → CAFM_Site_Kind_A00
06:56:55   shell list CAFM_Hassantuk_Status_A00 → CAFM_Hassantuk_Status_A00
06:56:55   shell list CAFM_Priority_A00 → CAFM_Priority_A00
06:56:55   shell list CAFM_Asset_Status_A00 → CAFM_Asset_Status_A00
06:56:55   shell list CAFM_Equipment_Type_A00 → CAFM_Equipment_Type_A00
06:56:56   shell list CAFM_Permit_Type_A00 → CAFM_Permit_Type_A00
06:56:56   shell list CAFM_Event_Type_A00 → CAFM_Event_Type_A00
06:56:56   shell list CAFM_PPM_Frequency_A00 → CAFM_PPM_Frequency_A00
06:56:56   shell list CAFM_Equipment_Status_A00 → CAFM_Equipment_Status_A00
06:56:56   shell list CAFM_Subcontractor_Response_A00 → CAFM_Subcontractor_Response_A00
06:56:56   shell list CAFM_Language_A00 → CAFM_Language_A00
06:56:56   shell form CAFM_Site_A00 → CAFM_Site_A00
06:56:56   shell form CAFM_Subcontractor_A00 → CAFM_Subcontractor_A00
06:56:56   shell form CAFM_Asset_Class_A00 → CAFM_Asset_Class_A00
06:56:56   shell form CAFM_SLA_Policy_A00 → CAFM_SLA_Policy_A00
06:56:56   shell form CAFM_Unit_A00 → CAFM_Unit_A00
06:56:56   shell form CAFM_Request_Category_A00 → CAFM_Request_Category_A00
06:56:56   shell form CAFM_Root_Cause_A00 → CAFM_Root_Cause_A00
06:56:57   shell form CAFM_Compliance_Certificate_A00 → CAFM_Compliance_Certificate_A00
06:56:57   shell form CAFM_PPM_Schedule_A00 → CAFM_PPM_Schedule_A00
06:56:57   shell form CAFM_Equipment_A00 → CAFM_Equipment_A00
06:56:57   shell form CAFM_Asset_A00 → CAFM_Asset_A00
06:56:57   shell form CAFM_WO_Register_A00 → CAFM_WO_Register_A00
06:56:57   shell form CAFM_zz_Formula_Sandbox_A00 → CAFM_zz_Formula_Sandbox_A00
06:56:57   shell form CAFM_WO_Event_A00 → CAFM_WO_Event_A00
06:56:57   list-items CAFM_Priority_A00 → 200 (4)
06:56:57   list-items CAFM_Site_Kind_A00 → 200 (4)
06:56:57   list-items CAFM_Trade_A00 → 200 (7)
06:56:57   list-items CAFM_Channel_A00 → 200 (9)
06:56:57   list-items CAFM_Liability_A00 → 200 (6)
06:56:58   list-items CAFM_Asset_Status_A00 → 200 (3)
06:56:58   list-items CAFM_Photo_Kind_A00 → 200 (3)
06:56:58   list-items CAFM_Hassantuk_Status_A00 → 200 (3)
06:56:58   list-items CAFM_Permit_Type_A00 → 200 (4)
06:56:58   list-items CAFM_PPM_Frequency_A00 → 200 (4)
06:56:58   list-items CAFM_Equipment_Type_A00 → 200 (10)
06:56:58   list-items CAFM_Equipment_Status_A00 → 200 (4)
06:56:58   list-items CAFM_Subcontractor_Response_A00 → 200 (2)
06:56:58   list-items CAFM_Language_A00 → 200 (2)
06:56:58   list-items CAFM_Event_Type_A00 → 200 (14)
06:56:58   list-items CAFM_Compliance_System_A00 → 200 (10)
06:57:00   body CAFM_Site_A00 → draft 200, publish 200
06:57:00   body CAFM_SLA_Policy_A00 → draft 200, publish 200
06:57:00   body CAFM_Asset_Class_A00 → draft 200, publish 200
06:57:00   body CAFM_Subcontractor_A00 → draft 200, publish 200
06:57:01   body CAFM_Request_Category_A00 → draft 200, publish 200
06:57:02   body CAFM_Unit_A00 → draft 200, publish 200
06:57:02   body CAFM_Root_Cause_A00 → draft 200, publish 200
06:57:03   body CAFM_Compliance_Certificate_A00 → draft 200, publish 200
06:57:05   body CAFM_Asset_A00 → draft 200, publish 200
06:57:06   body CAFM_zz_Formula_Sandbox_A00 → draft 200, publish 200
06:57:07   body CAFM_PPM_Schedule_A00 → draft 200, publish 200
06:57:07   body CAFM_Equipment_A00 → draft 200, publish 200
06:57:08   body CAFM_WO_Event_A00 → draft 200, publish 200
06:57:21   body CAFM_WO_Register_A00 → draft 200, publish 200
06:57:21   access Executive → CAFM Site (form) 200
06:57:21   access Compliance Officer → CAFM Site (form) 200
06:57:22   access HSE Officer → CAFM Site (form) 200
06:57:23   access Resident → CAFM Site (form) 423
06:57:23   access Technician → CAFM Site (form) 200
06:57:23   access Helpdesk → CAFM Site (form) 423
06:57:23   access Executive → CAFM Unit (form) 200
06:57:23   access Plant Manager → CAFM Site (form) 200
06:57:24   access Helpdesk → CAFM Unit (form) 200
06:57:24   access Subcontractor Supervisor → CAFM Unit (form) 200
06:57:25   access Compliance Officer → CAFM Unit (form) 200
06:57:25   access Subcontractor Supervisor → CAFM Site (form) 200
06:57:25   access Resident → CAFM Unit (form) 200
06:57:25   access HSE Officer → CAFM Unit (form) 200
06:57:25   access Technician → CAFM Unit (form) 423
06:57:26   access Executive → CAFM Asset Class (form) 200
06:57:26   access Helpdesk → CAFM Asset Class (form) 200
06:57:26   access Plant Manager → CAFM Unit (form) 200
06:57:26   access Technician → CAFM Asset Class (form) 200
06:57:26   access Compliance Officer → CAFM Asset Class (form) 200
06:57:27   access Plant Manager → CAFM Asset Class (form) 200
06:57:27   access Executive → CAFM Request Category (form) 200
06:57:28   access Resident → CAFM Asset Class (form) 423
06:57:28   access Subcontractor Supervisor → CAFM Asset Class (form) 200
06:57:28   access HSE Officer → CAFM Asset Class (form) 200
06:57:29   access Helpdesk → CAFM Request Category (form) 200
06:57:29   access Compliance Officer → CAFM Request Category (form) 200
06:57:29   access HSE Officer → CAFM Request Category (form) 200
06:57:29   access Subcontractor Supervisor → CAFM Request Category (form) 200
06:57:30   access Executive → CAFM Root Cause (form) 200
06:57:30   access Technician → CAFM Request Category (form) 200
06:57:30   access Subcontractor Supervisor → CAFM Root Cause (form) 200
06:57:30   access Resident → CAFM Request Category (form) 200
06:57:31   access Compliance Officer → CAFM Root Cause (form) 200
06:57:31   access Plant Manager → CAFM Request Category (form) 200
06:57:31   access Plant Manager → CAFM Root Cause (form) 200
06:57:31   access Helpdesk → CAFM Root Cause (form) 200
06:57:31   access Executive → CAFM SLA Policy (form) 200
06:57:32   access Helpdesk → CAFM SLA Policy (form) 200
06:57:32   access Subcontractor Supervisor → CAFM SLA Policy (form) 200
06:57:32   access Technician → CAFM Root Cause (form) 200
06:57:32   access Resident → CAFM Root Cause (form) 200
06:57:32   access Technician → CAFM SLA Policy (form) 200
06:57:33   access Resident → CAFM SLA Policy (form) 200
06:57:33   access Compliance Officer → CAFM SLA Policy (form) 200
06:57:33   access HSE Officer → CAFM SLA Policy (form) 200
06:57:33   access HSE Officer → CAFM Root Cause (form) 200
06:57:33   access Executive → CAFM Subcontractor (form) 200
06:57:33   access Subcontractor Supervisor → CAFM Subcontractor (form) 200
06:57:34   access Technician → CAFM Subcontractor (form) 200
06:57:34   access Plant Manager → CAFM SLA Policy (form) 200
06:57:35   access HSE Officer → CAFM Subcontractor (form) 200
06:57:35   access Helpdesk → CAFM Subcontractor (form) 200
06:57:36   access Compliance Officer → CAFM Subcontractor (form) 423
06:57:36   access Resident → CAFM Subcontractor (form) 200
06:57:36   access Executive → CAFM Asset (form) 200
06:57:36   access Subcontractor Supervisor → CAFM Asset (form) 200
06:57:36   access Plant Manager → CAFM Subcontractor (form) 200
06:57:37   access Resident → CAFM Asset (form) 200
06:57:37   access Plant Manager → CAFM Asset (form) 200
06:57:38   access Technician → CAFM Asset (form) 423
06:57:38   access FM Manager → CAFM Site (form) 200
06:57:38   access Helpdesk → CAFM Asset (form) 200
06:57:38   access Compliance Officer → CAFM Asset (form) 200
06:57:38   access FM Manager → CAFM Unit (form) 200
06:57:38   access FM Manager → CAFM Asset Class (form) 200
06:57:38   access HSE Officer → CAFM Asset (form) 200
06:57:39   access FM Manager → CAFM Root Cause (form) 200
06:57:39   access FM Manager → CAFM Request Category (form) 200
06:57:39   access DLP Manager → CAFM Site (form) 200
06:57:39   access FM Manager → CAFM SLA Policy (form) 200
06:57:39   access DLP Manager → CAFM Unit (form) 200
06:57:39   access FM Manager → CAFM Subcontractor (form) 200
06:57:40   access DLP Manager → CAFM Asset Class (form) 200
06:57:40   access DLP Manager → CAFM Root Cause (form) 200
06:57:40   access FM Manager → CAFM Asset (form) 200
06:57:40   access DLP Manager → CAFM Subcontractor (form) 200
06:57:40   access DLP Manager → CAFM SLA Policy (form) 200
06:57:40   access Executive → CAFM WO Event (form) 200
06:57:41   access FM Manager → CAFM WO Event (form) 200
06:57:41   access DLP Manager → CAFM Asset (form) 200
06:57:41   access DLP Manager → CAFM WO Event (form) 200
06:57:42   access Compliance Officer → CAFM WO Event (form) 200
06:57:42   access Helpdesk → CAFM WO Event (form) 200
06:57:43   access Subcontractor Supervisor → CAFM WO Event (form) 423
06:57:43   access HSE Officer → CAFM WO Event (form) 200
06:57:43   access Technician → CAFM WO Event (form) 423
06:57:43   access Plant Manager → CAFM WO Event (form) 200
06:57:43   access Helpdesk → CAFM WO Register (form) 200
06:57:44   access Compliance Officer → CAFM WO Register (form) 200
06:57:44   access Subcontractor Supervisor → CAFM WO Register (form) 200
06:57:45   access Executive → CAFM WO Register (form) 423
06:57:45   access DLP Manager → CAFM WO Register (form) 423
06:57:45   access Compliance Officer → CAFM Compliance Certificate (form) 200
06:57:45   access FM Manager → CAFM WO Register (form) 200
06:57:45   access FM Manager → CAFM PPM Schedule (form) 200
06:57:45   access FM Manager → CAFM Compliance Certificate (form) 200
06:57:46   access Plant Manager → CAFM Equipment (form) 200
06:57:47   access Executive → CAFM Compliance Certificate (form) 200
06:57:47   access Compliance Officer → CAFM PPM Schedule (form) 200
06:57:47   access Executive → CAFM Equipment (form) 200
06:57:48   access DLP Manager → CAFM Request Category (form) 200
app CAFM_POC_A00 · created 30 · published 14 · skipped 0
roles: Executive(200), FM Manager(200), Helpdesk(200), DLP Manager(200), Subcontractor Supervisor(200), Technician(200), Resident(200), Compliance Officer(200), HSE Officer(200), Plant Manager(200)
errors:
  ✗ member grant Resident → CAFM Site (form) failed: 423
  ✗ member grant Helpdesk → CAFM Site (form) failed: 423
  ✗ member grant Technician → CAFM Unit (form) failed: 423
  ✗ member grant Resident → CAFM Asset Class (form) failed: 423
  ✗ member grant Compliance Officer → CAFM Subcontractor (form) failed: 423
  ✗ member grant Technician → CAFM Asset (form) failed: 423
  ✗ member grant Subcontractor Supervisor → CAFM WO Event (form) failed: 423
  ✗ member grant Technician → CAFM WO Event (form) failed: 423
  ✗ member grant Executive → CAFM WO Register (form) failed: 423
  ✗ member grant DLP Manager → CAFM WO Register (form) failed: 423
